// Jest Snapshot v1, https://goo.gl/fbAQLP

exports[`Tree matches default snapshot 1`] = `
<div
  className="rst__tree"
  style={Object {}}
>
  <div
    className="rst__node"
    style={
      Object {
        "height": 62,
      }
    }
  >
    <div
      className="rst__lineBlock rst__lineHalfHorizontalRight rst__lineHalfVerticalBottom"
      style={
        Object {
          "width": 10,
        }
      }
    />
    <div
      className="rst__nodeContent"
      style={
        Object {
          "left": 10,
        }
      }
    >
      <div
        style={
          Object {
            "height": "100%",
          }
        }
      >
        <div>
          <button
            aria-label="Expand"
            className="rst__expandButton"
            onClick={[Function]}
            style={
              Object {
                "left": -5,
              }
            }
            type="button"
          />
        </div>
        <div
          className="rst__rowWrapper"
        >
          <div
            className="rst__row"
            style={
              Object {
                "opacity": 1,
              }
            }
          >
            <div
              className="rst__moveHandle"
            />
            <div
              className="rst__rowContents"
            >
              <div
                className="rst__rowLabel"
              >
                <span
                  className="rst__rowTitle"
                >
                  0-0
                </span>
              </div>
              <div
                className="rst__rowToolbar"
              />
            </div>
          </div>
        </div>
      </div>
    </div>
  </div>
  <div
    className="rst__node"
    style={
      Object {
        "height": 62,
      }
    }
  >
    <div
      className="rst__lineBlock rst__lineHalfHorizontalRight rst__lineFullVertical"
      style={
        Object {
          "width": 10,
        }
      }
    />
    <div
      className="rst__nodeContent"
      style={
        Object {
          "left": 10,
        }
      }
    >
      <div
        style={
          Object {
            "height": "100%",
          }
        }
      >
        <div>
          <button
            aria-label="Expand"
            className="rst__expandButton"
            onClick={[Function]}
            style={
              Object {
                "left": -5,
              }
            }
            type="button"
          />
        </div>
        <div
          className="rst__rowWrapper"
        >
          <div
            className="rst__row"
            style={
              Object {
                "opacity": 1,
              }
            }
          >
            <div
              className="rst__moveHandle"
            />
            <div
              className="rst__rowContents"
            >
              <div
                className="rst__rowLabel"
              >
                <span
                  className="rst__rowTitle"
                >
                  0-1
                </span>
              </div>
              <div
                className="rst__rowToolbar"
              />
            </div>
          </div>
        </div>
      </div>
    </div>
  </div>
  <div
    className="rst__node"
    style={
      Object {
        "height": 62,
      }
    }
  >
    <div
      className="rst__lineBlock rst__lineHalfVerticalTop rst__lineHalfHorizontalRight"
      style={
        Object {
          "width": 10,
        }
      }
    />
    <div
      className="rst__nodeContent"
      style={
        Object {
          "left": 10,
        }
      }
    >
      <div
        style={
          Object {
            "height": "100%",
          }
        }
      >
        <div
          className="rst__rowWrapper"
        >
          <div
            className="rst__row"
            style={
              Object {
                "opacity": 1,
              }
            }
          >
            <div
              className="rst__moveHandle"
            />
            <div
              className="rst__rowContents"
            >
              <div
                className="rst__rowLabel"
              >
                <span
                  className="rst__rowTitle"
                >
                  0-2
                </span>
              </div>
              <div
                className="rst__rowToolbar"
              />
            </div>
          </div>
        </div>
      </div>
    </div>
  </div>
</div>
`;
